  Determining projects to restore...
  All projects are up-to-date for restore.
  ElBruno.PersonaPlex -> C:\src\ElBruno.PersonaPlex\src\ElBruno.PersonaPlex\bin\Debug\net10.0\ElBruno.PersonaPlex.dll
  ElBruno.PersonaPlex -> C:\src\ElBruno.PersonaPlex\src\ElBruno.PersonaPlex\bin\Debug\net8.0\ElBruno.PersonaPlex.dll
  ElBruno.PersonaPlex.Tests -> C:\src\ElBruno.PersonaPlex\src\ElBruno.PersonaPlex.Tests\bin\Debug\net8.0\ElBruno.PersonaPlex.Tests.dll
  ElBruno.PersonaPlex.Tests -> C:\src\ElBruno.PersonaPlex\src\ElBruno.PersonaPlex.Tests\bin\Debug\net10.0\ElBruno.PersonaPlex.Tests.dll
Test run for C:\src\ElBruno.PersonaPlex\src\ElBruno.PersonaPlex.Tests\bin\Debug\net8.0\ElBruno.PersonaPlex.Tests.dll (.NETCoreApp,Version=v8.0)
Test run for C:\src\ElBruno.PersonaPlex\src\ElBruno.PersonaPlex.Tests\bin\Debug\net10.0\ElBruno.PersonaPlex.Tests.dll (.NETCoreApp,Version=v10.0)
VSTest version 18.0.1 (x64)

VSTest version 18.0.1 (x64)

Starting test execution, please wait...
A total of 1 test files matched the specified pattern.
Starting test execution, please wait...
A total of 1 test files matched the specified pattern.
[xUnit.net 00:00:00.53]     ElBruno.PersonaPlex.Tests.PersonaPlexPipelineTests.ValidatePath_ThrowsOnPathTraversalAttempts(maliciousPath: "..\\..\\..\\windows\\system32") [FAIL]
[xUnit.net 00:00:00.54]     ElBruno.PersonaPlex.Tests.PersonaPlexPipelineTests.ValidatePath_ThrowsOnPathTraversalAttempts(maliciousPath: "output/../../../secret.wav") [FAIL]
[xUnit.net 00:00:00.54]     ElBruno.PersonaPlex.Tests.PersonaPlexPipelineTests.ValidatePath_ThrowsOnPathTraversalAttempts(maliciousPath: "../../../etc/passwd") [FAIL]
[xUnit.net 00:00:00.54]     ElBruno.PersonaPlex.Tests.PersonaPlexPipelineTests.ValidatePath_ThrowsOnNullByteInjection [FAIL]
  Failed ElBruno.PersonaPlex.Tests.PersonaPlexPipelineTests.ValidatePath_ThrowsOnPathTraversalAttempts(maliciousPath: "..\\..\\..\\windows\\system32") [15 ms]
  Error Message:
   Assert.Throws() Failure: No exception was thrown
Expected: typeof(System.ArgumentException)
  Stack Trace:
     at ElBruno.PersonaPlex.Tests.PersonaPlexPipelineTests.ValidatePath_ThrowsOnPathTraversalAttempts(String maliciousPath) in C:\src\ElBruno.PersonaPlex\src\ElBruno.PersonaPlex.Tests\PersonaPlexPipelineTests.cs:line 46
   at System.RuntimeMethodHandle.InvokeMethod(Object target, Void** arguments, Signature sig, Boolean isConstructor)
   at System.Reflection.MethodBaseInvoker.InvokeDirectByRefWithFewArgs(Object obj, Span`1 copyOfArgs, BindingFlags invokeAttr)
  Failed ElBruno.PersonaPlex.Tests.PersonaPlexPipelineTests.ValidatePath_ThrowsOnPathTraversalAttempts(maliciousPath: "output/../../../secret.wav") [< 1 ms]
  Error Message:
   Assert.Throws() Failure: No exception was thrown
Expected: typeof(System.ArgumentException)
  Stack Trace:
     at ElBruno.PersonaPlex.Tests.PersonaPlexPipelineTests.ValidatePath_ThrowsOnPathTraversalAttempts(String maliciousPath) in C:\src\ElBruno.PersonaPlex\src\ElBruno.PersonaPlex.Tests\PersonaPlexPipelineTests.cs:line 46
   at InvokeStub_PersonaPlexPipelineTests.ValidatePath_ThrowsOnPathTraversalAttempts(Object, Span`1)
   at System.Reflection.MethodBaseInvoker.InvokeWithOneArg(Object obj, BindingFlags invokeAttr, Binder binder, Object[] parameters, CultureInfo culture)
  Failed ElBruno.PersonaPlex.Tests.PersonaPlexPipelineTests.ValidatePath_ThrowsOnPathTraversalAttempts(maliciousPath: "../../../etc/passwd") [< 1 ms]
  Error Message:
   Assert.Throws() Failure: No exception was thrown
Expected: typeof(System.ArgumentException)
  Stack Trace:
     at ElBruno.PersonaPlex.Tests.PersonaPlexPipelineTests.ValidatePath_ThrowsOnPathTraversalAttempts(String maliciousPath) in C:\src\ElBruno.PersonaPlex\src\ElBruno.PersonaPlex.Tests\PersonaPlexPipelineTests.cs:line 46
   at InvokeStub_PersonaPlexPipelineTests.ValidatePath_ThrowsOnPathTraversalAttempts(Object, Span`1)
   at System.Reflection.MethodBaseInvoker.InvokeWithOneArg(Object obj, BindingFlags invokeAttr, Binder binder, Object[] parameters, CultureInfo culture)
  Failed ElBruno.PersonaPlex.Tests.PersonaPlexPipelineTests.ValidatePath_ThrowsOnNullByteInjection [1 ms]
  Error Message:
   Assert.Throws() Failure: Exception type was not an exact match
Expected: typeof(System.ArgumentException)
Actual:   typeof(System.Reflection.TargetInvocationException)
---- System.Reflection.TargetInvocationException : Exception has been thrown by the target of an invocation.
-------- System.ArgumentException : Null character in path. (Parameter 'path')
  Stack Trace:
     at ElBruno.PersonaPlex.Tests.PersonaPlexPipelineTests.ValidatePath_ThrowsOnNullByteInjection() in C:\src\ElBruno.PersonaPlex\src\ElBruno.PersonaPlex.Tests\PersonaPlexPipelineTests.cs:line 62
   at System.RuntimeMethodHandle.InvokeMethod(Object target, Void** arguments, Signature sig, Boolean isConstructor)
   at System.Reflection.MethodBaseInvoker.InvokeWithNoArgs(Object obj, BindingFlags invokeAttr)
----- Inner Stack Trace -----
   at System.Reflection.MethodBaseInvoker.InvokeWithFewArgs(Object obj, BindingFlags invokeAttr, Binder binder, Object[] parameters, CultureInfo culture)
   at System.Reflection.MethodBase.Invoke(Object obj, Object[] parameters)
   at ElBruno.PersonaPlex.Tests.PersonaPlexPipelineTests.<>c.<ValidatePath_ThrowsOnNullByteInjection>b__3_0() in C:\src\ElBruno.PersonaPlex\src\ElBruno.PersonaPlex.Tests\PersonaPlexPipelineTests.cs:line 70
----- Inner Stack Trace -----
   at System.IO.Path.GetFullPath(String path)
   at ElBruno.PersonaPlex.Pipeline.PersonaPlexPipeline.ValidatePath(String path, String paramName) in C:\src\ElBruno.PersonaPlex\src\ElBruno.PersonaPlex\Pipeline\PersonaPlexPipeline.cs:line 346
   at InvokeStub_PersonaPlexPipeline.ValidatePath(Object, Span`1)
   at System.Reflection.MethodBaseInvoker.InvokeWithFewArgs(Object obj, BindingFlags invokeAttr, Binder binder, Object[] parameters, CultureInfo culture)
[xUnit.net 00:00:00.55]     ElBruno.PersonaPlex.Tests.PersonaPlexPipelineTests.ValidatePath_ThrowsOnEmptyPath [FAIL]
[xUnit.net 00:00:00.55]     ElBruno.PersonaPlex.Tests.PersonaPlexPipelineTests.ValidatePath_ThrowsOnNullPath [FAIL]
  Failed ElBruno.PersonaPlex.Tests.PersonaPlexPipelineTests.ValidatePath_ThrowsOnEmptyPath [1 ms]
  Error Message:
   Assert.Throws() Failure: Exception type was not an exact match
Expected: typeof(System.ArgumentException)
Actual:   typeof(System.Reflection.TargetInvocationException)
---- System.Reflection.TargetInvocationException : Exception has been thrown by the target of an invocation.
-------- System.ArgumentException : The value cannot be an empty string or composed entirely of whitespace. (Parameter 'path')
  Stack Trace:
     at ElBruno.PersonaPlex.Tests.PersonaPlexPipelineTests.ValidatePath_ThrowsOnEmptyPath() in C:\src\ElBruno.PersonaPlex\src\ElBruno.PersonaPlex.Tests\PersonaPlexPipelineTests.cs:line 27
   at System.RuntimeMethodHandle.InvokeMethod(Object target, Void** arguments, Signature sig, Boolean isConstructor)
   at System.Reflection.MethodBaseInvoker.InvokeWithNoArgs(Object obj, BindingFlags invokeAttr)
----- Inner Stack Trace -----
   at System.Reflection.MethodBaseInvoker.InvokeWithFewArgs(Object obj, BindingFlags invokeAttr, Binder binder, Object[] parameters, CultureInfo culture)
   at System.Reflection.MethodBase.Invoke(Object obj, Object[] parameters)
   at ElBruno.PersonaPlex.Tests.PersonaPlexPipelineTests.<>c.<ValidatePath_ThrowsOnEmptyPath>b__1_0() in C:\src\ElBruno.PersonaPlex\src\ElBruno.PersonaPlex.Tests\PersonaPlexPipelineTests.cs:line 35
----- Inner Stack Trace -----
   at System.ArgumentException.ThrowNullOrWhiteSpaceException(String argument, String paramName)
   at System.ArgumentException.ThrowIfNullOrWhiteSpace(String argument, String paramName)
   at ElBruno.PersonaPlex.Pipeline.PersonaPlexPipeline.ValidatePath(String path, String paramName) in C:\src\ElBruno.PersonaPlex\src\ElBruno.PersonaPlex\Pipeline\PersonaPlexPipeline.cs:line 345
   at InvokeStub_PersonaPlexPipeline.ValidatePath(Object, Span`1)
   at System.Reflection.MethodBaseInvoker.InvokeWithFewArgs(Object obj, BindingFlags invokeAttr, Binder binder, Object[] parameters, CultureInfo culture)
  Failed ElBruno.PersonaPlex.Tests.PersonaPlexPipelineTests.ValidatePath_ThrowsOnNullPath [1 ms]
  Error Message:
   Assert.Throws() Failure: Exception type was not an exact match
Expected: typeof(System.ArgumentException)
Actual:   typeof(System.Reflection.TargetInvocationException)
---- System.Reflection.TargetInvocationException : Exception has been thrown by the target of an invocation.
-------- System.ArgumentNullException : Value cannot be null. (Parameter 'path')
  Stack Trace:
     at ElBruno.PersonaPlex.Tests.PersonaPlexPipelineTests.ValidatePath_ThrowsOnNullPath() in C:\src\ElBruno.PersonaPlex\src\ElBruno.PersonaPlex.Tests\PersonaPlexPipelineTests.cs:line 10
   at System.RuntimeMethodHandle.InvokeMethod(Object target, Void** arguments, Signature sig, Boolean isConstructor)
   at System.Reflection.MethodBaseInvoker.InvokeWithNoArgs(Object obj, BindingFlags invokeAttr)
----- Inner Stack Trace -----
   at System.Reflection.MethodBaseInvoker.InvokeWithFewArgs(Object obj, BindingFlags invokeAttr, Binder binder, Object[] parameters, CultureInfo culture)
   at System.Reflection.MethodBase.Invoke(Object obj, Object[] parameters)
   at ElBruno.PersonaPlex.Tests.PersonaPlexPipelineTests.<>c.<ValidatePath_ThrowsOnNullPath>b__0_0() in C:\src\ElBruno.PersonaPlex\src\ElBruno.PersonaPlex.Tests\PersonaPlexPipelineTests.cs:line 19
----- Inner Stack Trace -----
   at System.ArgumentNullException.Throw(String paramName)
   at System.ArgumentNullException.ThrowIfNull(Object argument, String paramName)
   at System.ArgumentException.ThrowNullOrWhiteSpaceException(String argument, String paramName)
   at System.ArgumentException.ThrowIfNullOrWhiteSpace(String argument, String paramName)
   at ElBruno.PersonaPlex.Pipeline.PersonaPlexPipeline.ValidatePath(String path, String paramName) in C:\src\ElBruno.PersonaPlex\src\ElBruno.PersonaPlex\Pipeline\PersonaPlexPipeline.cs:line 345
   at InvokeStub_PersonaPlexPipeline.ValidatePath(Object, Span`1)
   at System.Reflection.MethodBaseInvoker.InvokeWithFewArgs(Object obj, BindingFlags invokeAttr, Binder binder, Object[] parameters, CultureInfo culture)

Failed!  - Failed:     6, Passed:    22, Skipped:     0, Total:    28, Duration: 118 ms - ElBruno.PersonaPlex.Tests.dll (net8.0)
[xUnit.net 00:00:00.58]     ElBruno.PersonaPlex.Tests.PersonaPlexPipelineTests.ValidatePath_ThrowsOnPathTraversalAttempts(maliciousPath: "..\\..\\..\\windows\\system32") [FAIL]
[xUnit.net 00:00:00.59]     ElBruno.PersonaPlex.Tests.PersonaPlexPipelineTests.ValidatePath_ThrowsOnPathTraversalAttempts(maliciousPath: "output/../../../secret.wav") [FAIL]
[xUnit.net 00:00:00.59]     ElBruno.PersonaPlex.Tests.PersonaPlexPipelineTests.ValidatePath_ThrowsOnPathTraversalAttempts(maliciousPath: "../../../etc/passwd") [FAIL]
  Failed ElBruno.PersonaPlex.Tests.PersonaPlexPipelineTests.ValidatePath_ThrowsOnPathTraversalAttempts(maliciousPath: "..\\..\\..\\windows\\system32") [23 ms]
  Error Message:
   Assert.Throws() Failure: No exception was thrown
Expected: typeof(System.ArgumentException)
  Stack Trace:
     at ElBruno.PersonaPlex.Tests.PersonaPlexPipelineTests.ValidatePath_ThrowsOnPathTraversalAttempts(String maliciousPath) in C:\src\ElBruno.PersonaPlex\src\ElBruno.PersonaPlex.Tests\PersonaPlexPipelineTests.cs:line 46
   at System.Reflection.MethodBaseInvoker.InterpretedInvoke_Method(Object obj, IntPtr* args)
   at System.Reflection.MethodBaseInvoker.InvokeDirectByRefWithFewArgs(Object obj, Span`1 copyOfArgs, BindingFlags invokeAttr)
  Failed ElBruno.PersonaPlex.Tests.PersonaPlexPipelineTests.ValidatePath_ThrowsOnPathTraversalAttempts(maliciousPath: "output/../../../secret.wav") [< 1 ms]
  Error Message:
   Assert.Throws() Failure: No exception was thrown
Expected: typeof(System.ArgumentException)
  Stack Trace:
     at ElBruno.PersonaPlex.Tests.PersonaPlexPipelineTests.ValidatePath_ThrowsOnPathTraversalAttempts(String maliciousPath) in C:\src\ElBruno.PersonaPlex\src\ElBruno.PersonaPlex.Tests\PersonaPlexPipelineTests.cs:line 46
   at InvokeStub_PersonaPlexPipelineTests.ValidatePath_ThrowsOnPathTraversalAttempts(Object, Span`1)
   at System.Reflection.MethodBaseInvoker.InvokeWithOneArg(Object obj, BindingFlags invokeAttr, Binder binder, Object[] parameters, CultureInfo culture)
  Failed ElBruno.PersonaPlex.Tests.PersonaPlexPipelineTests.ValidatePath_ThrowsOnPathTraversalAttempts(maliciousPath: "../../../etc/passwd") [< 1 ms]
  Error Message:
   Assert.Throws() Failure: No exception was thrown
Expected: typeof(System.ArgumentException)
  Stack Trace:
     at ElBruno.PersonaPlex.Tests.PersonaPlexPipelineTests.ValidatePath_ThrowsOnPathTraversalAttempts(String maliciousPath) in C:\src\ElBruno.PersonaPlex\src\ElBruno.PersonaPlex.Tests\PersonaPlexPipelineTests.cs:line 46
   at InvokeStub_PersonaPlexPipelineTests.ValidatePath_ThrowsOnPathTraversalAttempts(Object, Span`1)
   at System.Reflection.MethodBaseInvoker.InvokeWithOneArg(Object obj, BindingFlags invokeAttr, Binder binder, Object[] parameters, CultureInfo culture)
[xUnit.net 00:00:00.60]     ElBruno.PersonaPlex.Tests.PersonaPlexPipelineTests.ValidatePath_ThrowsOnNullByteInjection [FAIL]
[xUnit.net 00:00:00.60]     ElBruno.PersonaPlex.Tests.PersonaPlexPipelineTests.ValidatePath_ThrowsOnEmptyPath [FAIL]
[xUnit.net 00:00:00.60]     ElBruno.PersonaPlex.Tests.PersonaPlexPipelineTests.ValidatePath_ThrowsOnNullPath [FAIL]
  Failed ElBruno.PersonaPlex.Tests.PersonaPlexPipelineTests.ValidatePath_ThrowsOnNullByteInjection [1 ms]
  Error Message:
   Assert.Throws() Failure: Exception type was not an exact match
Expected: typeof(System.ArgumentException)
Actual:   typeof(System.Reflection.TargetInvocationException)
---- System.Reflection.TargetInvocationException : Exception has been thrown by the target of an invocation.
-------- System.ArgumentException : Null character in path. (Parameter 'path')
  Stack Trace:
     at ElBruno.PersonaPlex.Tests.PersonaPlexPipelineTests.ValidatePath_ThrowsOnNullByteInjection() in C:\src\ElBruno.PersonaPlex\src\ElBruno.PersonaPlex.Tests\PersonaPlexPipelineTests.cs:line 62
   at System.Reflection.MethodBaseInvoker.InterpretedInvoke_Method(Object obj, IntPtr* args)
   at System.Reflection.MethodBaseInvoker.InvokeWithNoArgs(Object obj, BindingFlags invokeAttr)
----- Inner Stack Trace -----
   at System.Reflection.MethodBaseInvoker.InvokeWithFewArgs(Object obj, BindingFlags invokeAttr, Binder binder, Object[] parameters, CultureInfo culture)
   at System.Reflection.RuntimeMethodInfo.Invoke(Object obj, BindingFlags invokeAttr, Binder binder, Object[] parameters, CultureInfo culture)
   at System.Reflection.MethodBase.Invoke(Object obj, Object[] parameters)
   at ElBruno.PersonaPlex.Tests.PersonaPlexPipelineTests.<>c.<ValidatePath_ThrowsOnNullByteInjection>b__3_0() in C:\src\ElBruno.PersonaPlex\src\ElBruno.PersonaPlex.Tests\PersonaPlexPipelineTests.cs:line 70
----- Inner Stack Trace -----
   at System.IO.Path.GetFullPath(String path)
   at ElBruno.PersonaPlex.Pipeline.PersonaPlexPipeline.ValidatePath(String path, String paramName) in C:\src\ElBruno.PersonaPlex\src\ElBruno.PersonaPlex\Pipeline\PersonaPlexPipeline.cs:line 346
   at InvokeStub_PersonaPlexPipeline.ValidatePath(Object, Span`1)
   at System.Reflection.MethodBaseInvoker.InvokeWithFewArgs(Object obj, BindingFlags invokeAttr, Binder binder, Object[] parameters, CultureInfo culture)
  Failed ElBruno.PersonaPlex.Tests.PersonaPlexPipelineTests.ValidatePath_ThrowsOnEmptyPath [1 ms]
  Error Message:
   Assert.Throws() Failure: Exception type was not an exact match
Expected: typeof(System.ArgumentException)
Actual:   typeof(System.Reflection.TargetInvocationException)
---- System.Reflection.TargetInvocationException : Exception has been thrown by the target of an invocation.
-------- System.ArgumentException : The value cannot be an empty string or composed entirely of whitespace. (Parameter 'path')
  Stack Trace:
     at ElBruno.PersonaPlex.Tests.PersonaPlexPipelineTests.ValidatePath_ThrowsOnEmptyPath() in C:\src\ElBruno.PersonaPlex\src\ElBruno.PersonaPlex.Tests\PersonaPlexPipelineTests.cs:line 27
   at System.Reflection.MethodBaseInvoker.InterpretedInvoke_Method(Object obj, IntPtr* args)
   at System.Reflection.MethodBaseInvoker.InvokeWithNoArgs(Object obj, BindingFlags invokeAttr)
----- Inner Stack Trace -----
   at System.Reflection.MethodBaseInvoker.InvokeWithFewArgs(Object obj, BindingFlags invokeAttr, Binder binder, Object[] parameters, CultureInfo culture)
   at System.Reflection.RuntimeMethodInfo.Invoke(Object obj, BindingFlags invokeAttr, Binder binder, Object[] parameters, CultureInfo culture)
   at System.Reflection.MethodBase.Invoke(Object obj, Object[] parameters)
   at ElBruno.PersonaPlex.Tests.PersonaPlexPipelineTests.<>c.<ValidatePath_ThrowsOnEmptyPath>b__1_0() in C:\src\ElBruno.PersonaPlex\src\ElBruno.PersonaPlex.Tests\PersonaPlexPipelineTests.cs:line 35
----- Inner Stack Trace -----
   at System.ArgumentException.ThrowNullOrWhiteSpaceException(String argument, String paramName)
   at System.ArgumentException.ThrowIfNullOrWhiteSpace(String argument, String paramName)
   at ElBruno.PersonaPlex.Pipeline.PersonaPlexPipeline.ValidatePath(String path, String paramName) in C:\src\ElBruno.PersonaPlex\src\ElBruno.PersonaPlex\Pipeline\PersonaPlexPipeline.cs:line 345
   at InvokeStub_PersonaPlexPipeline.ValidatePath(Object, Span`1)
   at System.Reflection.MethodBaseInvoker.InvokeWithFewArgs(Object obj, BindingFlags invokeAttr, Binder binder, Object[] parameters, CultureInfo culture)
  Failed ElBruno.PersonaPlex.Tests.PersonaPlexPipelineTests.ValidatePath_ThrowsOnNullPath [1 ms]
  Error Message:
   Assert.Throws() Failure: Exception type was not an exact match
Expected: typeof(System.ArgumentException)
Actual:   typeof(System.Reflection.TargetInvocationException)
---- System.Reflection.TargetInvocationException : Exception has been thrown by the target of an invocation.
-------- System.ArgumentNullException : Value cannot be null. (Parameter 'path')
  Stack Trace:
     at ElBruno.PersonaPlex.Tests.PersonaPlexPipelineTests.ValidatePath_ThrowsOnNullPath() in C:\src\ElBruno.PersonaPlex\src\ElBruno.PersonaPlex.Tests\PersonaPlexPipelineTests.cs:line 10
   at System.Reflection.MethodBaseInvoker.InterpretedInvoke_Method(Object obj, IntPtr* args)
   at System.Reflection.MethodBaseInvoker.InvokeWithNoArgs(Object obj, BindingFlags invokeAttr)
----- Inner Stack Trace -----
   at System.Reflection.MethodBaseInvoker.InvokeWithFewArgs(Object obj, BindingFlags invokeAttr, Binder binder, Object[] parameters, CultureInfo culture)
   at System.Reflection.RuntimeMethodInfo.Invoke(Object obj, BindingFlags invokeAttr, Binder binder, Object[] parameters, CultureInfo culture)
   at System.Reflection.MethodBase.Invoke(Object obj, Object[] parameters)
   at ElBruno.PersonaPlex.Tests.PersonaPlexPipelineTests.<>c.<ValidatePath_ThrowsOnNullPath>b__0_0() in C:\src\ElBruno.PersonaPlex\src\ElBruno.PersonaPlex.Tests\PersonaPlexPipelineTests.cs:line 19
----- Inner Stack Trace -----
   at System.ArgumentNullException.Throw(String paramName)
   at System.ArgumentNullException.ThrowIfNull(Object argument, String paramName)
   at System.ArgumentException.ThrowNullOrWhiteSpaceException(String argument, String paramName)
   at System.ArgumentException.ThrowIfNullOrWhiteSpace(String argument, String paramName)
   at ElBruno.PersonaPlex.Pipeline.PersonaPlexPipeline.ValidatePath(String path, String paramName) in C:\src\ElBruno.PersonaPlex\src\ElBruno.PersonaPlex\Pipeline\PersonaPlexPipeline.cs:line 345
   at InvokeStub_PersonaPlexPipeline.ValidatePath(Object, Span`1)
   at System.Reflection.MethodBaseInvoker.InvokeWithFewArgs(Object obj, BindingFlags invokeAttr, Binder binder, Object[] parameters, CultureInfo culture)

Failed!  - Failed:     6, Passed:    22, Skipped:     0, Total:    28, Duration: 131 ms - ElBruno.PersonaPlex.Tests.dll (net10.0)
